com\slginventory\ui\AnalyticsPage.class
com\slginventory\ui\CenterManagementService$CenterInfo.class
com\slginventory\ui\LeftPane.class
com\slginventory\model\Vendor.class
com\slginventory\ui\TransportDialog$2.class
com\slginventory\ui\AddItemDialog.class
com\slginventory\ui\TransportManagementPage$2.class
com\slginventory\algorithms\Sorting.class
com\slginventory\ui\TransportManagementService$TransportInfo.class
com\slginventory\ui\VehicleDialog.class
com\slginventory\ui\CenterDialog.class
com\slginventory\ui\VendorsManagementPage.class
com\slginventory\ui\DistributionCentersManagementPage$1.class
com\slginventory\ui\TransportManagementService.class
com\slginventory\ui\ReportsPage.class
com\slginventory\ui\TransportDialog.class
com\slginventory\ui\VendorsManagementPage$1.class
com\slginventory\ui\TransportManagementPage$1.class
com\slginventory\model\InventoryItem.class
com\slginventory\algorithms\Graph$Edge.class
com\slginventory\ui\InventoryService.class
com\slginventory\algorithms\Graph.class
com\slginventory\ui\CenterManagementService.class
com\slginventory\model\Vehicle.class
com\slginventory\ui\DistributionCentersManagementPage.class
com\slginventory\algorithms\Dijkstra.class
com\slginventory\ui\VendorDialog.class
com\slginventory\db\Database.class
com\slginventory\model\Transport.class
com\slginventory\auth\AuthService.class
com\slginventory\model\User.class
com\slginventory\model\Goods.class
com\slginventory\ui\InventoryPage.class
com\slginventory\ui\TransportManagementPage.class
com\slginventory\ui\VendorManagementService.class
com\slginventory\ui\DashboardView.class
com\slginventory\ui\LoginView.class
com\slginventory\auth\PasswordHasher.class
com\slginventory\ui\MapPane.class
com\slginventory\ui\TransportDialog$1.class
com\slginventory\ui\InventoryCell.class
com\slginventory\ui\TransportManagementService$VehicleInfo.class
com\slginventory\Main.class
com\slginventory\ui\Sidebar.class
com\slginventory\ui\DashboardOverviewPage.class
com\slginventory\ui\SettingsPage.class
com\slginventory\algorithms\Dijkstra$PathResult.class
com\slginventory\model\DistributionCenter.class
com\slginventory\ui\VendorManagementService$VendorInfo.class
