C:\Users\Chamod\Pictures\slg-inventory\src\main\java\com\slginventory\ui\MapPane.java
C:\Users\Chamod\Pictures\slg-inventory\src\main\java\com\slginventory\ui\VehicleDialog.java
C:\Users\Chamod\Pictures\slg-inventory\src\main\java\com\slginventory\ui\CenterManagementService.java
C:\Users\Chamod\Pictures\slg-inventory\src\main\java\com\slginventory\ui\LeftPane.java
C:\Users\Chamod\Pictures\slg-inventory\src\main\java\com\slginventory\model\Vehicle.java
C:\Users\Chamod\Pictures\slg-inventory\src\main\java\com\slginventory\model\InventoryItem.java
C:\Users\Chamod\Pictures\slg-inventory\src\main\java\com\slginventory\ui\AnalyticsPage.java
C:\Users\Chamod\Pictures\slg-inventory\src\main\java\com\slginventory\ui\TransportManagementPage.java
C:\Users\Chamod\Pictures\slg-inventory\src\main\java\com\slginventory\model\DistributionCenter.java
C:\Users\Chamod\Pictures\slg-inventory\src\main\java\com\slginventory\model\Goods.java
C:\Users\Chamod\Pictures\slg-inventory\src\main\java\com\slginventory\ui\DistributionCentersManagementPage.java
C:\Users\Chamod\Pictures\slg-inventory\src\main\java\com\slginventory\ui\AddItemDialog.java
C:\Users\Chamod\Pictures\slg-inventory\src\main\java\com\slginventory\ui\LoginView.java
C:\Users\Chamod\Pictures\slg-inventory\src\main\java\com\slginventory\model\Vendor.java
C:\Users\Chamod\Pictures\slg-inventory\src\main\java\com\slginventory\algorithms\Sorting.java
C:\Users\Chamod\Pictures\slg-inventory\src\main\java\com\slginventory\ui\InventoryService.java
C:\Users\Chamod\Pictures\slg-inventory\src\main\java\com\slginventory\ui\TransportDialog.java
C:\Users\Chamod\Pictures\slg-inventory\src\main\java\com\slginventory\auth\AuthService.java
C:\Users\Chamod\Pictures\slg-inventory\src\main\java\com\slginventory\db\Database.java
C:\Users\Chamod\Pictures\slg-inventory\src\main\java\com\slginventory\ui\CenterDialog.java
C:\Users\Chamod\Pictures\slg-inventory\src\main\java\com\slginventory\algorithms\Graph.java
C:\Users\Chamod\Pictures\slg-inventory\src\main\java\com\slginventory\model\User.java
C:\Users\Chamod\Pictures\slg-inventory\src\main\java\com\slginventory\ui\SettingsPage.java
C:\Users\Chamod\Pictures\slg-inventory\src\main\java\com\slginventory\ui\Sidebar.java
C:\Users\Chamod\Pictures\slg-inventory\src\main\java\com\slginventory\ui\ReportsPage.java
C:\Users\Chamod\Pictures\slg-inventory\src\main\java\com\slginventory\model\Transport.java
C:\Users\Chamod\Pictures\slg-inventory\src\main\java\com\slginventory\ui\DashboardView.java
C:\Users\Chamod\Pictures\slg-inventory\src\main\java\com\slginventory\ui\TransportManagementService.java
C:\Users\Chamod\Pictures\slg-inventory\src\main\java\com\slginventory\ui\DashboardOverviewPage.java
C:\Users\Chamod\Pictures\slg-inventory\src\main\java\com\slginventory\algorithms\Dijkstra.java
C:\Users\Chamod\Pictures\slg-inventory\src\main\java\com\slginventory\ui\VendorDialog.java
C:\Users\Chamod\Pictures\slg-inventory\src\main\java\com\slginventory\ui\VendorsManagementPage.java
C:\Users\Chamod\Pictures\slg-inventory\src\main\java\com\slginventory\auth\PasswordHasher.java
C:\Users\Chamod\Pictures\slg-inventory\src\main\java\com\slginventory\ui\InventoryCell.java
C:\Users\Chamod\Pictures\slg-inventory\src\main\java\com\slginventory\ui\InventoryPage.java
C:\Users\Chamod\Pictures\slg-inventory\src\main\java\com\slginventory\Main.java
C:\Users\Chamod\Pictures\slg-inventory\src\main\java\com\slginventory\ui\VendorManagementService.java
